Component: ARM Compiler 5.06 update 6 (build 750) Tool: armlink [4d35ed]

==============================================================================

Section Cross References

    filters.o(.text) refers to ldiv.o(.text) for __aeabi_ldivmod
    util.o(.text) refers to usart.o(.text) for usart_tx_putc
    battery.o(.text) refers to filters.o(.text) for add_to_avg_filter_u16
    battery.o(.text) refers to boarddrv.o(.text) for adc_read_start
    battery.o(.text) refers to stm32f10x_rcc.o(.text) for RCC_APB2PeriphClockCmd
    battery.o(.text) refers to stm32f10x_gpio.o(.text) for GPIO_Init
    battery.o(.text) refers to printf1.o(i.__0printf$1) for __2printf
    battery.o(.text) refers to battery.o(.data) for _pwrFilterPos
    battery.o(.text) refers to battery.o(.bss) for _pwrFilterBattVoltQueue
    beep.o(.text) refers to stm32f10x_rcc.o(.text) for RCC_APB1PeriphClockCmd
    beep.o(.text) refers to stm32f10x_gpio.o(.text) for GPIO_PinRemapConfig
    beep.o(.text) refers to stm32f10x_tim.o(.text) for TIM_TimeBaseInit
    beep.o(.text) refers to boarddrv.o(.text) for getms
    beep.o(.text) refers to softdelay.o(.text) for _delay_us
    beep.o(.text) refers to beep.o(.data) for HighFrequency
    bump.o(.text) refers to stm32f10x_rcc.o(.text) for RCC_APB2PeriphClockCmd
    bump.o(.text) refers to stm32f10x_gpio.o(.text) for GPIO_Init
    distir.o(.text) refers to stm32f10x_gpio.o(.text) for GPIO_Init
    distir.o(.text) refers to stm32f10x_tim.o(.text) for TIM_DeInit
    distir.o(.text) refers to memseta.o(.text) for __aeabi_memclr4
    distir.o(.text) refers to boarddrv.o(.text) for getms
    distir.o(.text) refers to distir.o(.data) for _irWorkingStatus
    distir.o(.text) refers to distir.o(.bss) for _cachedIrDistance
    drv_ctrlbus.o(.text) refers to stm32f10x_gpio.o(.text) for GPIO_Init
    drv_ctrlbus.o(.text) refers to memseta.o(.text) for __aeabi_memclr
    drv_ctrlbus.o(.text) refers to drv_ctrlbus.o(.bss) for baseInfo
    drv_ctrlbus.o(.text) refers to drv_ctrlbus.o(.data) for currentNcmd
    gpio.o(.text) refers to stm32f10x_rcc.o(.text) for RCC_APB2PeriphClockCmd
    gpio.o(.text) refers to stm32f10x_gpio.o(.text) for GPIO_Init
    homeir.o(.text) refers to stm32f10x_rcc.o(.text) for RCC_APB2PeriphClockCmd
    homeir.o(.text) refers to stm32f10x_gpio.o(.text) for GPIO_Init
    homeir.o(.text) refers to stm32f10x_exti.o(.text) for EXTI_Init
    homeir.o(.text) refers to misc.o(.text) for NVIC_Init
    homeir.o(.text) refers to memseta.o(.text) for __aeabi_memclr4
    homeir.o(.text) refers to irdecoder.o(.text) for irdecoder_init
    homeir.o(.text) refers to boarddrv.o(.text) for getus
    homeir.o(.text) refers to homeir.o(.bss) for beacon_cache
    irdecoder.o(.text) refers to boarddrv.o(.text) for getus
    led.o(.text) refers to stm32f10x_gpio.o(.text) for GPIO_Init
    led.o(.text) refers to softdelay.o(.text) for _delay_us
    led.o(.text) refers to led.o(.data) for led_r
    motor.o(.text) refers to stm32f10x_gpio.o(.text) for GPIO_Init
    motor.o(.text) refers to softdelay.o(.text) for _delay_us
    motor.o(.text) refers to stm32f10x_rcc.o(.text) for RCC_APB2PeriphClockCmd
    motor.o(.text) refers to stm32f10x_tim.o(.text) for TIM_TimeBaseInit
    motor.o(.text) refers to stm32f10x_exti.o(.text) for EXTI_Init
    motor.o(.text) refers to misc.o(.text) for NVIC_Init
    motor.o(.text) refers to motor.o(.data) for _motorCtrlStates
    motor.o(.text) refers to ffltui.o(.text) for __aeabi_ui2f
    motor.o(.text) refers to f2d.o(.text) for __aeabi_f2d
    motor.o(.text) refers to dmul.o(.text) for __aeabi_dmul
    motor.o(.text) refers to d2f.o(.text) for __aeabi_d2f
    motor.o(.text) refers to dfltui.o(.text) for __aeabi_ui2d
    motor.o(.text) refers to ddiv.o(.text) for __aeabi_ddiv
    motor.o(.text) refers to fadd.o(.text) for __aeabi_fadd
    motor.o(.text) refers to ffixui.o(.text) for __aeabi_f2uiz
    motor.o(.text) refers to fmul.o(.text) for __aeabi_fmul
    motor.o(.text) refers to dfixui.o(.text) for __aeabi_d2uiz
    motor.o(.text) refers to cfrcmple.o(.text) for __aeabi_cfrcmple
    motor.o(.text) refers to fflti.o(.text) for __aeabi_i2f
    motor.o(.text) refers to cfcmple.o(.text) for __aeabi_cfcmple
    motor.o(.text) refers to ffixi.o(.text) for __aeabi_f2iz
    motor.o(.text) refers to boarddrv.o(.text) for getms
    motor.o(.text) refers to beep.o(.text) for beep_beeper
    serial_channel.o(.text) refers to usart.o(.text) for usart_txbuffer_set
    serial_channel.o(.text) refers to serial_channel.o(.data) for _rx_proc
    serial_channel.o(.text) refers to serial_channel.o(.bss) for _channel
    sonar.o(.text) refers to stm32f10x_gpio.o(.text) for GPIO_Init
    sonar.o(.text) refers to softdelay.o(.text) for _delay_us
    sonar.o(.text) refers to stm32f10x_exti.o(.text) for EXTI_Init
    sonar.o(.text) refers to dfltui.o(.text) for __aeabi_ui2d
    sonar.o(.text) refers to ddiv.o(.text) for __aeabi_ddiv
    sonar.o(.text) refers to f2d.o(.text) for __aeabi_f2d
[...]
    .text                                    0x08003a1c   Section        0  stm32f10x_tim.o(.text)
    TI4_Config                               0x08003ec3   Thumb Code   130  stm32f10x_tim.o(.text)
    TI3_Config                               0x08003f57   Thumb Code   122  stm32f10x_tim.o(.text)
    TI2_Config                               0x08003feb   Thumb Code   130  stm32f10x_tim.o(.text)
    TI1_Config                               0x0800407f   Thumb Code   108  stm32f10x_tim.o(.text)
    .text                                    0x08004838   Section        0  stm32f10x_usart.o(.text)
    .text                                    0x08004c40   Section        0  stm32f10x_wwdg.o(.text)
    .text                                    0x08004cc8   Section        0  interchip.o(.text)
    _interchip_on_rx                         0x08004ce1   Thumb Code   268  interchip.o(.text)
    .text                                    0x08005004   Section        0  boarddrv.o(.text)
    _default_abort_proc                      0x08005005   Thumb Code     4  boarddrv.o(.text)
    .text                                    0x08005174   Section        0  softdelay.o(.text)
    _delay_loop                              0x08005175   Thumb Code    16  softdelay.o(.text)
    .text                                    0x080051e8   Section        0  usart.o(.text)
    _getPortID                               0x080051e9   Thumb Code    38  usart.o(.text)
    _getBufID                                0x0800520f   Thumb Code    34  usart.o(.text)
    _getDMACh                                0x08005231   Thumb Code    36  usart.o(.text)
    _getDMATCFlg                             0x08005255   Thumb Code    36  usart.o(.text)
    _def_on_rx                               0x0800559b   Thumb Code    90  usart.o(.text)
    _usart_tx_wait                           0x080056f9   Thumb Code    10  usart.o(.text)
    .text                                    0x08005718   Section        0  bump_monitor.o(.text)
    leave_stall_mode                         0x08005719   Thumb Code     8  bump_monitor.o(.text)
    enter_stall_mode                         0x08005721   Thumb Code    30  bump_monitor.o(.text)
    .text                                    0x080057e8   Section        0  hwconf.o(.text)
    pinMode                                  0x080057e9   Thumb Code    32  hwconf.o(.text)
    RCC_Configuration                        0x08005809   Thumb Code    64  hwconf.o(.text)
    NVIC_Configuration                       0x08005849   Thumb Code   182  hwconf.o(.text)
    GPIO_Configuration                       0x080058ff   Thumb Code   130  hwconf.o(.text)
    ADC_Configuration                        0x08005981   Thumb Code   142  hwconf.o(.text)
    init_board_ver                           0x08005a0f   Thumb Code    78  hwconf.o(.text)
    .text                                    0x08005ab0   Section        0  main.o(.text)
    battery_low_cb                           0x08005ab1   Thumb Code    28  main.o(.text)
    init_dev                                 0x08005acd   Thumb Code   110  main.o(.text)
    dev_shutdown                             0x08005b57   Thumb Code    18  main.o(.text)
    dev_heartbeat                            0x08005b69   Thumb Code    40  main.o(.text)
    on_abort_mode                            0x08005b91   Thumb Code    10  main.o(.text)
    .text                                    0x08005c5c   Section        0  request_handler.o(.text)
    update_shutdown_ticks                    0x08005c5d   Thumb Code    12  request_handler.o(.text)
    on_request_slamcore_cb                   0x08005c69   Thumb Code  1122  request_handler.o(.text)
    envSensorData2CtrlBusData                0x080060f5   Thumb Code    22  request_handler.o(.text)
    .text                                    0x0800610c   Section       36  startup_stm32f10x_hd.o(.text)
    .text                                    0x08006130   Section        0  system_stm32f10x.o(.text)
    SetSysClockTo72                          0x08006131   Thumb Code   214  system_stm32f10x.o(.text)
    SetSysClock                              0x08006207   Thumb Code     8  system_stm32f10x.o(.text)
    .text                                    0x08006310   Section        0  uldiv.o(.text)
    .text                                    0x08006372   Section        0  ldiv.o(.text)
    .text                                    0x080063d4   Section        0  memcpya.o(.text)
    .text                                    0x080063f8   Section        0  memseta.o(.text)
    .text                                    0x0800641c   Section        0  strncpy.o(.text)
    .text                                    0x08006434   Section        0  strlen.o(.text)
    .text                                    0x08006442   Section        0  strcpy.o(.text)
    .text                                    0x08006454   Section        0  fadd.o(.text)
    .text                                    0x08006504   Section        0  fmul.o(.text)
    .text                                    0x08006568   Section        0  dmul.o(.text)
    .text                                    0x0800664c   Section        0  ddiv.o(.text)
    .text                                    0x0800672a   Section        0  fflti.o(.text)
    .text                                    0x0800673c   Section        0  ffltui.o(.text)
    .text                                    0x08006746   Section        0  dfltui.o(.text)
    .text                                    0x08006760   Section        0  ffixi.o(.text)
    .text                                    0x08006792   Section        0  ffixui.o(.text)
    .text                                    0x080067ba   Section        0  dfixui.o(.text)
    .text                                    0x080067ec   Section        0  f2d.o(.text)
    .text                                    0x08006812   Section        0  d2f.o(.text)
    .text                                    0x0800684c   Section       20  cfcmple.o(.text)
    .text                                    0x08006860   Section       20  cfrcmple.o(.text)
    .text                                    0x08006874   Section        0  uidiv.o(.text)
    .text                                    0x080068a0   Section        0  llshl.o(.text)
    .text                                    0x080068be   Section        0  llushr.o(.text)
    .text                                    0x080068de   Section        0  iusefp.o(.text)
    .text                                    0x080068de   Section        0  fepilogue.o(.text)
    .text                                    0x0800694c   Section        0  depilogue.o(.text)
    .text                                    0x08006a08   Section       36  init.o(.text)
    .text                                    0x08006a2c   Section        0  __dczerorl2.o(.text)
    i.__0printf$1                            0x08006a84   Section        0  printf1.o(i.__0printf$1)
    i.__scatterload_copy                     0x08006aa4   Section       14  handlers.o(i.__scatterload_copy)
    i.__scatterload_null                     0x08006ab2   Section        2  handlers.o(i.__scatterload_null)
    i.__scatterload_zeroinit                 0x08006ab4   Section       14  handlers.o(i.__scatterload_zeroinit)
    i._printf_core                           0x08006ac4   Section        0  printf1.o(i._printf_core)
    _printf_core                             0x08006ac5   Thumb Code   336  printf1.o(i._printf_core)
    .constdata                               0x08006c18   Section       80  sonar.o(.constdata)
    g_sonar_cfg                              0x08006c18   Data          80  sonar.o(.constdata)
    .constdata                               0x08006c68   Section      312  binary_config.o(.constdata)
    .data                                    0x20000000   Section       18  battery.o(.data)
    batteryFrequency                         0x20000000   Data           4  battery.o(.data)
    batteryElectricityPercentage             0x20000004   Data           4  battery.o(.data)
    chargeSound                              0x20000008   Data           1  battery.o(.data)
    isChargeInserted                         0x20000009   Data           1  battery.o(.data)
    chargeInsertedTs                         0x2000000a   Data           1  battery.o(.data)
    isDcInserted                             0x2000000b   Data           1  battery.o(.data)
    dcInsertedTs                             0x2000000c   Data           1  battery.o(.data)
    _pwrCachedBattVoltADCVal                 0x2000000e   Data           2  battery.o(.data)
    _pwrFilterPos                            0x20000010   Data           1  battery.o(.data)
    _pwrAdcSampleState                       0x20000011   Data           1  battery.o(.data)
    .data                                    0x20000014   Section       40  beep.o(.data)
    _delay                                   0x20000014   Data           4  beep.o(.data)
    _startMs                                 0x20000018   Data           4  beep.o(.data)
    HighFrequency                            0x2000001c   Data          32  beep.o(.data)
    .data                                    0x2000003c   Section       56  distir.o(.data)
    _adcSamplePairs                          0x2000003c   Data          40  distir.o(.data)
    _currentSamplePos                        0x20000064   Data           1  distir.o(.data)
    _cachedIrresult                          0x20000068   Data           4  distir.o(.data)
    _irWorkingStatus                         0x2000006c   Data           1  distir.o(.data)
    _irSampleStage                           0x2000006d   Data           1  distir.o(.data)
    _irLastSampleTime                        0x20000070   Data           4  distir.o(.data)
    .data                                    0x20000074   Section        1  drv_ctrlbus.o(.data)
    currentNcmd                              0x20000074   Data           1  drv_ctrlbus.o(.data)
    .data                                    0x20000078   Section       12  led.o(.data)
    led_r                                    0x20000078   Data           4  led.o(.data)
    led_g                                    0x2000007c   Data           4  led.o(.data)
    led_b                                    0x20000080   Data           4  led.o(.data)
    .data                                    0x20000084   Section       84  motor.o(.data)
    _motorDeltaTicks                         0x20000084   Data           8  motor.o(.data)
    _motorDistAccumulated                    0x2000008c   Data           8  motor.o(.data)
    _motorDistTailing                        0x20000094   Data           8  motor.o(.data)
    _encoderTicksDelta                       0x2000009c   Data           8  motor.o(.data)
    _lastEncoderTicksDelta                   0x200000a4   Data           8  motor.o(.data)
    _lastOdometerSpeedAbs                    0x200000ac   Data           8  motor.o(.data)
    _motorCtrlStates                         0x200000b4   Data           2  motor.o(.data)
    _motorSpeedMm                            0x200000b8   Data           8  motor.o(.data)
    speedLastErr                             0x200000c0   Data           8  motor.o(.data)
    speedErri                                0x200000c8   Data           8  motor.o(.data)
    speedctl_frequency                       0x200000d0   Data           4  motor.o(.data)
    ontheground_frequency                    0x200000d4   Data           4  motor.o(.data)
    .data                                    0x200000d8   Section        4  serial_channel.o(.data)
    _rx_proc                                 0x200000d8   Data           4  serial_channel.o(.data)
    .data                                    0x200000dc   Section        1  sonar.o(.data)
    g_sonar_ch                               0x200000dc   Data           1  sonar.o(.data)
    .data                                    0x200000e0   Section        8  health_monitor.o(.data)
    g_health_status                          0x200000e0   Data           2  health_monitor.o(.data)
    g_health_ticks                           0x200000e4   Data           4  health_monitor.o(.data)
    .data                                    0x200000e8   Section       20  stm32f10x_rcc.o(.data)
    APBAHBPrescTable                         0x200000e8   Data          16  stm32f10x_rcc.o(.data)
    ADCPrescTable                            0x200000f8   Data           4  stm32f10x_rcc.o(.data)
    .data                                    0x200000fc   Section       12  boarddrv.o(.data)
    alert_flg                                0x200000fc   Data           1  boarddrv.o(.data)
    _abort_proc                              0x20000100   Data           4  boarddrv.o(.data)
    _systick_val                             0x20000104   Data           4  boarddrv.o(.data)
    .data                                    0x20000108   Section        4  softdelay.o(.data)
    .data                                    0x2000010c   Section       12  usart.o(.data)
    _rx_proc                                 0x2000010c   Data          12  usart.o(.data)
    .data                                    0x20000118   Section        5  bump_monitor.o(.data)
    _lastHitTs                               0x20000118   Data           4  bump_monitor.o(.data)
    _stallMode                               0x2000011c   Data           1  bump_monitor.o(.data)
    .data                                    0x2000011d   Section        1  hwconf.o(.data)
    _board_hw_ver                            0x2000011d   Data           1  hwconf.o(.data)
    .data                                    0x20000120   Section        4  main.o(.data)
    .data                                    0x20000124   Section       20  system_stm32f10x.o(.data)
    .data                                    0x20000138   Section        4  stdout.o(.data)
    .bss                                     0x2000013c   Section       20  battery.o(.bss)
    _pwrFilterBattVoltQueue                  0x2000013c   Data          20  battery.o(.bss)
    .bss                                     0x20000150   Section       20  distir.o(.bss)
    _cachedIrDistance                        0x20000150   Data          20  distir.o(.bss)
    .bss                                     0x20000164   Section       28  drv_ctrlbus.o(.bss)
    .bss                                     0x20000180   Section      108  homeir.o(.bss)
    decoder_ctx                              0x20000180   Data          60  homeir.o(.bss)
    beacon_cache                             0x200001bc   Data          48  homeir.o(.bss)
    .bss                                     0x200001ec   Section      544  serial_channel.o(.bss)
    _channel                                 0x200001ec   Data          32  serial_channel.o(.bss)
    _serialRxBuffer                          0x2000020c   Data         512  serial_channel.o(.bss)
    .bss                                     0x2000040c   Section       80  sonar.o(.bss)
    g_sonar                                  0x2000040c   Data          80  sonar.o(.bss)
    .bss                                     0x2000045c   Section      410  health_monitor.o(.bss)
    g_health_desc                            0x2000045c   Data         400  health_monitor.o(.bss)
    g_health_map                             0x200005ec   Data          10  health_monitor.o(.bss)
    .bss                                     0x200005f8   Section     1944  usart.o(.bss)
    _tx_buf                                  0x200005f8   Data        1536  usart.o(.bss)
    _rx_ringbuf                              0x20000bf8   Data         408  usart.o(.bss)
    STACK                                    0x20000d90   Section     1024  startup_stm32f10x_hd.o(STACK)

    Global Symbols

    Symbol Name                              Value     Ov Type        Size  Object(Section)

    BuildAttributes$$THM_ISAv4$P$D$K$B$S$PE$A:L22UL41UL21$X:L11$S22US41US21$IEEE1$IW$USESV6$~STKCKD$USESV7$~SHL$OTIME$ROPI$EBA8$MICROLIB$REQ8$PRES8$EABIv2 0x00000000   Number         0  anon$$obj.o ABSOLUTE
    __ARM_use_no_argv                        0x00000000   Number         0  main.o ABSOLUTE
    _printf_a                                0x00000000   Number         0  stubs.o ABSOLUTE
    _printf_c                                0x00000000   Number         0  stubs.o ABSOLUTE
    _printf_charcount                        0x00000000   Number         0  stubs.o ABSOLUTE
    _printf_d                                0x00000000   Number         0  stubs.o ABSOLUTE
    _printf_e                                0x00000000   Number         0  stubs.o ABSOLUTE
    _printf_f                                0x00000000   Number         0  stubs.o ABSOLUTE
    _printf_flags                            0x00000000   Number         0  stubs.o ABSOLUTE
    _printf_fp_dec                           0x00000000   Number         0  stubs.o ABSOLUTE
    _printf_fp_hex                           0x00000000   Number         0  stubs.o ABSOLUTE
    _printf_g                                0x00000000   Number         0  stubs.o ABSOLUTE
    _printf_i                                0x00000000   Number         0  stubs.o ABSOLUTE
    _printf_int_dec                          0x00000000   Number         0  stubs.o ABSOLUTE
    _printf_l                                0x00000000   Number         0  stubs.o ABSOLUTE
    _printf_lc                               0x00000000   Number         0  stubs.o ABSOLUTE
    _printf_ll                               0x00000000   Number         0  stubs.o ABSOLUTE
    _printf_lld                              0x00000000   Number         0  stubs.o ABSOLUTE
    _printf_lli                              0x00000000   Number         0  stubs.o ABSOLUTE
    _printf_llo                              0x00000000   Number         0  stubs.o ABSOLUTE
    _printf_llu                              0x00000000   Number         0  stubs.o ABSOLUTE
    _printf_llx                              0x00000000   Number         0  stubs.o ABSOLUTE
    _printf_longlong_dec                     0x00000000   Number         0  stubs.o ABSOLUTE
    _printf_longlong_hex                     0x00000000   Number         0  stubs.o ABSOLUTE
    _printf_longlong_oct                     0x00000000   Number         0  stubs.o ABSOLUTE
    _printf_ls                               0x00000000   Number         0  stubs.o ABSOLUTE
    _printf_mbtowc                           0x00000000   Number         0  stubs.o ABSOLUTE
    _printf_n                                0x00000000   Number         0  stubs.o ABSOLUTE
    _printf_o                                0x00000000   Number         0  stubs.o ABSOLUTE
    _printf_p                                0x00000000   Number         0  stubs.o ABSOLUTE
    _printf_percent                          0x00000000   Number         0  stubs.o ABSOLUTE
    _printf_pre_padding                      0x00000000   Number         0  stubs.o ABSOLUTE
    _printf_return_value                     0x00000000   Number         0  stubs.o ABSOLUTE
    _printf_s                                0x00000000   Number         0  stubs.o ABSOLUTE
    _printf_sizespec                         0x00000000   Number         0  stubs.o ABSOLUTE
    _printf_str                              0x00000000   Number         0  stubs.o ABSOLUTE
    _printf_truncate_signed                  0x00000000   Number         0  stubs.o ABSOLUTE
    _printf_truncate_unsigned                0x00000000   Number         0  stubs.o ABSOLUTE
    _printf_u                                0x00000000   Number         0  stubs.o ABSOLUTE
    _printf_wc                               0x00000000   Number         0  stubs.o ABSOLUTE
    _printf_wctomb                           0x00000000   Number         0  stubs.o ABSOLUTE
    _printf_widthprec                        0x00000000   Number         0  stubs.o ABSOLUTE
    _printf_x                                0x00000000   Number         0  stubs.o ABSOLUTE
    __cpp_initialize__aeabi_                  - Undefined Weak Reference
    __cxa_finalize                            - Undefined Weak Reference
    _clock_init                               - Undefined Weak Reference
    _microlib_exit                            - Undefined Weak Reference
    __Vectors_Size                           0x00000130   Number         0  startup_stm32f10x_hd.o ABSOLUTE
    __Vectors                                0x08000000   Data           4  startup_stm32f10x_hd.o(RESET)
    __Vectors_End                            0x08000130   Data           0  startup_stm32f10x_hd.o(RESET)
    __main                                   0x08000131   Thumb Code     0  entry.o(.ARM.Collect$$$$00000000)
    _main_stk                                0x08000131   Thumb Code     0  entry2.o(.ARM.Collect$$$$00000001)
    _main_scatterload                        0x08000135   Thumb Code     0  entry5.o(.ARM.Collect$$$$00000004)
    __main_after_scatterload                 0x08000139   Thumb Code     0  entry5.o(.ARM.Collect$$$$00000004)
    _main_clock                              0x08000139   Thumb Code     0  entry7b.o(.ARM.Collect$$$$00000008)
    _main_cpp_init                           0x08000139   Thumb Code     0  entry8b.o(.ARM.Collect$$$$0000000A)
    _main_init                               0x08000139   Thumb Code     0  entry9a.o(.ARM.Collect$$$$0000000B)
    __rt_final_cpp                           0x08000141   Thumb Code     0  entry10a.o(.ARM.Collect$$$$0000000D)
    __rt_final_exit                          0x08000141   Thumb Code     0  entry11a.o(.ARM.Collect$$$$0000000F)
    add_to_avg_filter_u16                    0x08000145   Thumb Code    40  filters.o(.text)
    add_to_avg_filter_s16                    0x0800016d   Thumb Code    40  filters.o(.text)
    add_to_avg_filter_u32                    0x08000195   Thumb Code    70  filters.o(.text)
    NMI_Handler                              0x080001db   Thumb Code     2  stm32f10x_it.o(.text)
    HardFault_Handler                        0x080001dd   Thumb Code     4  stm32f10x_it.o(.text)
    MemManage_Handler                        0x080001e1   Thumb Code     4  stm32f10x_it.o(.text)
    BusFault_Handler                         0x080001e5   Thumb Code     4  stm32f10x_it.o(.text)
    UsageFault_Handler                       0x080001e9   Thumb Code     4  stm32f10x_it.o(.text)
    DebugMon_Handler                         0x080001ed   Thumb Code     2  stm32f10x_it.o(.text)
    SVC_Handler                              0x080001ef   Thumb Code     2  stm32f10x_it.o(.text)
    PendSV_Handler                           0x080001f1   Thumb Code     2  stm32f10x_it.o(.text)
    fputc                                    0x080001f5   Thumb Code    18  util.o(.text)
    get_electricity                          0x080002bf   Thumb Code    20  battery.o(.text)
    get_electricitypercentage                0x080002d3   Thumb Code     6  battery.o(.text)
    charge_detect_getstatus                  0x08000323   Thumb Code    32  battery.o(.text)
    get_dc_charge_status                     0x08000343   Thumb Code     8  battery.o(.text)
    get_home_charge_status                   0x0800034b   Thumb Code     8  battery.o(.text)
    init_battery                             0x08000353   Thumb Code    12  battery.o(.text)
    heartbeat_battery                        0x0800035f   Thumb Code   304  battery.o(.text)
    init_beep                                0x080004ed   Thumb Code   172  beep.o(.text)
    play_poweron                             0x080005fd   Thumb Code    64  beep.o(.text)
    beep_beeper                              0x0800063d   Thumb Code    42  beep.o(.text)
    heartbeat_beep                           0x08000667   Thumb Code    26  beep.o(.text)
    init_bump_detect                         0x080006b5   Thumb Code    40  bump.o(.text)
    get_bump_bitmap                          0x080006dd   Thumb Code    48  bump.o(.text)
    is_bumped                                0x0800070d   Thumb Code    22  bump.o(.text)
    init_distir                              0x08000815   Thumb Code    24  distir.o(.text)
    heartbeat_distir                         0x0800097d   Thumb Code    74  distir.o(.text)
    get_distir_value                         0x080009c7   Thumb Code     4  distir.o(.text)
    init_drv_ctrlbus                         0x08000a19   Thumb Code   106  drv_ctrlbus.o(.text)
    set_drv_ctrlbus_ncmd                     0x08000a83   Thumb Code    14  drv_ctrlbus.o(.text)
    clear_drv_ctrlbus_ncmd                   0x08000a91   Thumb Code    32  drv_ctrlbus.o(.text)
    is_drv_ctrlbus_ncmd                      0x08000ab1   Thumb Code    16  drv_ctrlbus.o(.text)
    get_drv_ctrlbus_ncmd                     0x08000ac1   Thumb Code     6  drv_ctrlbus.o(.text)
    is_drv_ctrlbus_busy                      0x08000ac7   Thumb Code    26  drv_ctrlbus.o(.text)
    drv_towerlocator_init                    0x08000b81   Thumb Code   204  homeir.o(.text)
    drv_towerlocator_shutdown                0x08000c4d   Thumb Code    58  homeir.o(.text)
    drv_towerlocator_heartbeat               0x08000d07   Thumb Code    52  homeir.o(.text)
    drv_towerlocator_get_beacon              0x08000d3b   Thumb Code    12  homeir.o(.text)
    drv_towerlocator_get_beacon_timestamp    0x08000d47   Thumb Code    28  homeir.o(.text)
    EXTI15_10_IRQHandler                     0x08000d83   Thumb Code   106  homeir.o(.text)
    homeir_Init                              0x08000ded   Thumb Code     8  homeir.o(.text)
    homeir_heartbeat                         0x08000df5   Thumb Code     8  homeir.o(.text)
    homeir_getmaindata                       0x08000dfd   Thumb Code    12  homeir.o(.text)
    homeir_getleftdata                       0x08000e09   Thumb Code    12  homeir.o(.text)
    homeir_getrightdata                      0x08000e15   Thumb Code    12  homeir.o(.text)
    irdecoder_reset                          0x08000e4f   Thumb Code    12  irdecoder.o(.text)
    irdecoder_init                           0x08000e5b   Thumb Code    16  irdecoder.o(.text)
    irdecoder_on_signal                      0x08000e8f   Thumb Code   308  irdecoder.o(.text)
    irdecoder_on_idle_tick                   0x08000fc3   Thumb Code     2  irdecoder.o(.text)
    drv_led_set                              0x08001127   Thumb Code   116  led.o(.text)
    drv_led_init                             0x0800119b   Thumb Code    64  led.o(.text)
    drv_led_shutdown                         0x080011db   Thumb Code    56  led.o(.text)
    drv_led_test                             0x08001213   Thumb Code   222  led.o(.text)
    set_walkingmotor_rduty                   0x08001363   Thumb Code   154  motor.o(.text)
    set_walkingmotor_lduty                   0x08001429   Thumb Code   160  motor.o(.text)
    init_walkingmotor                        0x080014e7   Thumb Code   302  motor.o(.text)
    EXTI2_IRQHandler                         0x080016c7   Thumb Code    28  motor.o(.text)
    EXTI3_IRQHandler                         0x080016e3   Thumb Code    28  motor.o(.text)
    init_walkingmotor_odometer               0x080016ff   Thumb Code   102  motor.o(.text)
    walkingmotor_cumulate_ldist_mm           0x08001867   Thumb Code     6  motor.o(.text)
    walkingmotor_cumulate_rdist_mm           0x0800186d   Thumb Code     6  motor.o(.text)
    walkingmotor_delta_ldist_mm_f            0x08001873   Thumb Code    28  motor.o(.text)
    walkingmotor_delta_rdist_mm_f            0x0800188f   Thumb Code    28  motor.o(.text)
    get_walkingmotor_lspeed_mm_q16           0x080018ab   Thumb Code    32  motor.o(.text)
    get_walkingmotor_rspeed_mm_q16           0x080018cb   Thumb Code    32  motor.o(.text)
    control_walkingmotor_speed               0x080019ff   Thumb Code    20  motor.o(.text)
    set_walkingmotor_speed                   0x08001a13   Thumb Code     8  motor.o(.text)
    get_walkingmotor_lspeed_set              0x08001a1b   Thumb Code     6  motor.o(.text)
    get_walkingmotor_rspeed_set              0x08001a21   Thumb Code     6  motor.o(.text)
    brake_walkingmotor                       0x08001a27   Thumb Code    20  motor.o(.text)
    wait_walkingmotor_brake                  0x08001a3b   Thumb Code    50  motor.o(.text)
    init_ontheground_detect                  0x08001a6d   Thumb Code    40  motor.o(.text)
    is_ontheground                           0x08001a95   Thumb Code    32  motor.o(.text)
    init_brushmotor                          0x08001ab5   Thumb Code    44  motor.o(.text)
    speedctl_heartbeat                       0x08001ae1   Thumb Code    68  motor.o(.text)
    drv_serialchannel_init                   0x08001bd7   Thumb Code    68  serial_channel.o(.text)
    drv_serialchannel_shutdown               0x08001c1b   Thumb Code    20  serial_channel.o(.text)
    drv_serialchannel_getchannel             0x08001c2f   Thumb Code     4  serial_channel.o(.text)
    EXTI9_5_IRQHandler                       0x08001ded   Thumb Code   294  sonar.o(.text)
    sonar_heartbeat                          0x08001f13   Thumb Code   578  sonar.o(.text)
    sonar_get                                0x08002155   Thumb Code    32  sonar.o(.text)
    sonar_init                               0x08002175   Thumb Code    90  sonar.o(.text)
    sonar_exit                               0x080021cf   Thumb Code    32  sonar.o(.text)
    enable_watchdog                          0x0800221d   Thumb Code    36  watchdog.o(.text)
    mark_watchdog                            0x08002241   Thumb Code    10  watchdog.o(.text)
    disable_watchdog                         0x0800224b   Thumb Code    18  watchdog.o(.text)
    health_monitor_init                      0x0800225d   Thumb Code    28  health_monitor.o(.text)
    health_monitor_exit                      0x08002279   Thumb Code    28  health_monitor.o(.text)
    health_monitor_register                  0x08002295   Thumb Code   126  health_monitor.o(.text)
    health_monitor_deregister                0x08002313   Thumb Code    90  health_monitor.o(.text)
    health_monitor_heartbeat                 0x0800236d   Thumb Code   168  health_monitor.o(.text)
    health_monitor_get_status                0x08002415   Thumb Code    22  health_monitor.o(.text)
    health_monitor_get_error                 0x0800242b   Thumb Code    38  health_monitor.o(.text)
    health_monitor_get_desc                  0x08002451   Thumb Code    40  health_monitor.o(.text)
    health_monitor_clear                     0x08002479   Thumb Code    58  health_monitor.o(.text)
    NVIC_PriorityGroupConfig                 0x080024c5   Thumb Code    10  misc.o(.text)
    NVIC_Init                                0x080024cf   Thumb Code   100  misc.o(.text)
    NVIC_SetVectorTable                      0x08002533   Thumb Code    14  misc.o(.text)
    NVIC_SystemLPConfig                      0x08002541   Thumb Code    34  misc.o(.text)
    SysTick_CLKSourceConfig                  0x08002563   Thumb Code    40  misc.o(.text)
    ADC_DeInit                               0x080025a1   Thumb Code    78  stm32f10x_adc.o(.text)
    ADC_Init                                 0x080025ef   Thumb Code    70  stm32f10x_adc.o(.text)
    ADC_StructInit                           0x08002635   Thumb Code    18  stm32f10x_adc.o(.text)
    ADC_Cmd                                  0x08002647   Thumb Code    22  stm32f10x_adc.o(.text)
    ADC_DMACmd                               0x0800265d   Thumb Code    22  stm32f10x_adc.o(.text)
    ADC_ITConfig                             0x08002673   Thumb Code    24  stm32f10x_adc.o(.text)
    ADC_ResetCalibration                     0x0800268b   Thumb Code    10  stm32f10x_adc.o(.text)
    ADC_GetResetCalibrationStatus            0x08002695   Thumb Code    20  stm32f10x_adc.o(.text)
    ADC_StartCalibration                     0x080026a9   Thumb Code    10  stm32f10x_adc.o(.text)
    ADC_GetCalibrationStatus                 0x080026b3   Thumb Code    20  stm32f10x_adc.o(.text)
    ADC_SoftwareStartConvCmd                 0x080026c7   Thumb Code    22  stm32f10x_adc.o(.text)
    ADC_GetSoftwareStartConvStatus           0x080026dd   Thumb Code    20  stm32f10x_adc.o(.text)
    ADC_DiscModeChannelCountConfig           0x080026f1   Thumb Code    24  stm32f10x_adc.o(.text)
    ADC_DiscModeCmd                          0x08002709   Thumb Code    22  stm32f10x_adc.o(.text)
    ADC_RegularChannelConfig                 0x0800271f   Thumb Code   184  stm32f10x_adc.o(.text)
    ADC_ExternalTrigConvCmd                  0x080027d7   Thumb Code    22  stm32f10x_adc.o(.text)
    ADC_GetConversionValue                   0x080027ed   Thumb Code     8  stm32f10x_adc.o(.text)
    ADC_GetDualModeConversionValue           0x080027f5   Thumb Code     8  stm32f10x_adc.o(.text)
    ADC_AutoInjectedConvCmd                  0x080027fd   Thumb Code    22  stm32f10x_adc.o(.text)
    ADC_InjectedDiscModeCmd                  0x08002813   Thumb Code    22  stm32f10x_adc.o(.text)
    ADC_ExternalTrigInjectedConvConfig       0x08002829   Thumb Code    16  stm32f10x_adc.o(.text)
    ADC_ExternalTrigInjectedConvCmd          0x08002839   Thumb Code    22  stm32f10x_adc.o(.text)
    ADC_SoftwareStartInjectedConvCmd         0x0800284f   Thumb Code    22  stm32f10x_adc.o(.text)
    ADC_GetSoftwareStartInjectedConvCmdStatus 0x08002865   Thumb Code    20  stm32f10x_adc.o(.text)
    ADC_InjectedChannelConfig                0x08002879   Thumb Code   130  stm32f10x_adc.o(.text)
    ADC_InjectedSequencerLengthConfig        0x080028fb   Thumb Code    24  stm32f10x_adc.o(.text)
    ADC_SetInjectedOffset                    0x08002913   Thumb Code    20  stm32f10x_adc.o(.text)
    ADC_GetInjectedConversionValue           0x08002927   Thumb Code    28  stm32f10x_adc.o(.text)
    ADC_AnalogWatchdogCmd                    0x08002943   Thumb Code    16  stm32f10x_adc.o(.text)
    ADC_AnalogWatchdogThresholdsConfig       0x08002953   Thumb Code     6  stm32f10x_adc.o(.text)
    ADC_AnalogWatchdogSingleChannelConfig    0x08002959   Thumb Code    16  stm32f10x_adc.o(.text)
    ADC_TempSensorVrefintCmd                 0x08002969   Thumb Code    64  stm32f10x_adc.o(.text)
    ADC_GetFlagStatus                        0x080029a9   Thumb Code    18  stm32f10x_adc.o(.text)
    ADC_ClearFlag                            0x080029bb   Thumb Code     6  stm32f10x_adc.o(.text)
    ADC_GetITStatus                          0x080029c1   Thumb Code    36  stm32f10x_adc.o(.text)
    ADC_ClearITPendingBit                    0x080029e5   Thumb Code    10  stm32f10x_adc.o(.text)
    DMA_DeInit                               0x080029f1   Thumb Code   324  stm32f10x_dma.o(.text)
    DMA_Init                                 0x08002b35   Thumb Code    60  stm32f10x_dma.o(.text)
    DMA_StructInit                           0x08002b71   Thumb Code    26  stm32f10x_dma.o(.text)
    DMA_Cmd                                  0x08002b8b   Thumb Code    24  stm32f10x_dma.o(.text)
    DMA_ITConfig                             0x08002ba3   Thumb Code    18  stm32f10x_dma.o(.text)
    DMA_SetCurrDataCounter                   0x08002bb5   Thumb Code     4  stm32f10x_dma.o(.text)
    DMA_GetCurrDataCounter                   0x08002bb9   Thumb Code     8  stm32f10x_dma.o(.text)
    DMA_GetFlagStatus                        0x08002bc1   Thumb Code    40  stm32f10x_dma.o(.text)
    DMA_ClearFlag                            0x08002be9   Thumb Code    22  stm32f10x_dma.o(.text)
    DMA_GetITStatus                          0x08002bff   Thumb Code    40  stm32f10x_dma.o(.text)
    DMA_ClearITPendingBit                    0x08002c27   Thumb Code    22  stm32f10x_dma.o(.text)
    EXTI_DeInit                              0x08002c45   Thumb Code    28  stm32f10x_exti.o(.text)
    EXTI_Init                                0x08002c61   Thumb Code   142  stm32f10x_exti.o(.text)
    EXTI_StructInit                          0x08002cef   Thumb Code    16  stm32f10x_exti.o(.text)
    EXTI_GenerateSWInterrupt                 0x08002cff   Thumb Code    16  stm32f10x_exti.o(.text)
    EXTI_GetFlagStatus                       0x08002d0f   Thumb Code    22  stm32f10x_exti.o(.text)
    EXTI_ClearFlag                           0x08002d25   Thumb Code     8  stm32f10x_exti.o(.text)
    EXTI_GetITStatus                         0x08002d2d   Thumb Code    34  stm32f10x_exti.o(.text)
    EXTI_ClearITPendingBit                   0x08002d4f   Thumb Code     8  stm32f10x_exti.o(.text)
    FLASH_SetLatency                         0x08002d61   Thumb Code    18  stm32f10x_flash.o(.text)
    FLASH_HalfCycleAccessCmd                 0x08002d73   Thumb Code    22  stm32f10x_flash.o(.text)
    FLASH_PrefetchBufferCmd                  0x08002d89   Thumb Code    22  stm32f10x_flash.o(.text)
    FLASH_Unlock                             0x08002d9f   Thumb Code    12  stm32f10x_flash.o(.text)
    FLASH_UnlockBank1                        0x08002dab   Thumb Code    12  stm32f10x_flash.o(.text)
    FLASH_Lock                               0x08002db7   Thumb Code    14  stm32f10x_flash.o(.text)
    FLASH_LockBank1                          0x08002dc5   Thumb Code    14  stm32f10x_flash.o(.text)
    FLASH_GetBank1Status                     0x08002dd3   Thumb Code    48  stm32f10x_flash.o(.text)
    FLASH_WaitForLastOperation               0x08002e03   Thumb Code    38  stm32f10x_flash.o(.text)
    FLASH_ErasePage                          0x08002e29   Thumb Code    72  stm32f10x_flash.o(.text)
    FLASH_EraseAllPages                      0x08002e71   Thumb Code    68  stm32f10x_flash.o(.text)
    FLASH_WaitForLastBank1Operation          0x08002eb5   Thumb Code    38  stm32f10x_flash.o(.text)
    FLASH_EraseAllBank1Pages                 0x08002edb   Thumb Code    68  stm32f10x_flash.o(.text)
    FLASH_GetReadOutProtectionStatus         0x08002f1f   Thumb Code    20  stm32f10x_flash.o(.text)
    FLASH_EraseOptionBytes                   0x08002f33   Thumb Code   150  stm32f10x_flash.o(.text)
    FLASH_ProgramWord                        0x08002fc9   Thumb Code   102  stm32f10x_flash.o(.text)
    FLASH_ProgramHalfWord                    0x0800302f   Thumb Code    60  stm32f10x_flash.o(.text)
    FLASH_ProgramOptionByteData              0x0800306b   Thumb Code    72  stm32f10x_flash.o(.text)
    FLASH_EnableWriteProtection              0x080030b3   Thumb Code   200  stm32f10x_flash.o(.text)
    FLASH_ReadOutProtection                  0x0800317b   Thumb Code   156  stm32f10x_flash.o(.text)
    FLASH_UserOptionByteConfig               0x08003217   Thumb Code    88  stm32f10x_flash.o(.text)
    FLASH_GetUserOptionByte                  0x0800326f   Thumb Code     8  stm32f10x_flash.o(.text)
    FLASH_GetWriteProtectionOptionByte       0x08003277   Thumb Code     6  stm32f10x_flash.o(.text)
    FLASH_GetPrefetchBufferStatus            0x0800327d   Thumb Code    20  stm32f10x_flash.o(.text)
    FLASH_ITConfig                           0x08003291   Thumb Code    26  stm32f10x_flash.o(.text)
    FLASH_GetFlagStatus                      0x080032ab   Thumb Code    42  stm32f10x_flash.o(.text)
    FLASH_ClearFlag                          0x080032d5   Thumb Code     6  stm32f10x_flash.o(.text)
    FLASH_GetStatus                          0x080032db   Thumb Code    48  stm32f10x_flash.o(.text)
    GPIO_DeInit                              0x0800331d   Thumb Code   172  stm32f10x_gpio.o(.text)
    GPIO_AFIODeInit                          0x080033c9   Thumb Code    20  stm32f10x_gpio.o(.text)
    GPIO_Init                                0x080033dd   Thumb Code   278  stm32f10x_gpio.o(.text)
    GPIO_StructInit                          0x080034f3   Thumb Code    16  stm32f10x_gpio.o(.text)
    GPIO_ReadInputDataBit                    0x08003503   Thumb Code    18  stm32f10x_gpio.o(.text)
    GPIO_ReadInputData                       0x08003515   Thumb Code     8  stm32f10x_gpio.o(.text)
    GPIO_ReadOutputDataBit                   0x0800351d   Thumb Code    18  stm32f10x_gpio.o(.text)
    GPIO_ReadOutputData                      0x0800352f   Thumb Code     8  stm32f10x_gpio.o(.text)
    GPIO_SetBits                             0x08003537   Thumb Code     4  stm32f10x_gpio.o(.text)
    GPIO_ResetBits                           0x0800353b   Thumb Code     4  stm32f10x_gpio.o(.text)
    GPIO_WriteBit                            0x0800353f   Thumb Code    10  stm32f10x_gpio.o(.text)
    GPIO_Write                               0x08003549   Thumb Code     4  stm32f10x_gpio.o(.text)
    GPIO_PinLockConfig                       0x0800354d   Thumb Code    18  stm32f10x_gpio.o(.text)
    GPIO_EventOutputConfig                   0x0800355f   Thumb Code    26  stm32f10x_gpio.o(.text)
    GPIO_EventOutputCmd                      0x08003579   Thumb Code     6  stm32f10x_gpio.o(.text)
    GPIO_PinRemapConfig                      0x0800357f   Thumb Code   138  stm32f10x_gpio.o(.text)
    GPIO_EXTILineConfig                      0x08003609   Thumb Code    66  stm32f10x_gpio.o(.text)
    GPIO_ETH_MediaInterfaceConfig            0x0800364b   Thumb Code     8  stm32f10x_gpio.o(.text)
    RCC_DeInit                               0x08003679   Thumb Code    64  stm32f10x_rcc.o(.text)
    RCC_HSEConfig                            0x080036b9   Thumb Code    70  stm32f10x_rcc.o(.text)
    RCC_GetFlagStatus                        0x080036ff   Thumb Code    56  stm32f10x_rcc.o(.text)
    RCC_WaitForHSEStartUp                    0x08003737   Thumb Code    56  stm32f10x_rcc.o(.text)
    RCC_AdjustHSICalibrationValue            0x0800376f   Thumb Code    20  stm32f10x_rcc.o(.text)
    RCC_HSICmd                               0x08003783   Thumb Code     6  stm32f10x_rcc.o(.text)
    RCC_PLLConfig                            0x08003789   Thumb Code    24  stm32f10x_rcc.o(.text)
    RCC_PLLCmd                               0x080037a1   Thumb Code     6  stm32f10x_rcc.o(.text)
    RCC_SYSCLKConfig                         0x080037a7   Thumb Code    18  stm32f10x_rcc.o(.text)
    RCC_GetSYSCLKSource                      0x080037b9   Thumb Code    10  stm32f10x_rcc.o(.text)
    RCC_HCLKConfig                           0x080037c3   Thumb Code    18  stm32f10x_rcc.o(.text)
    RCC_PCLK1Config                          0x080037d5   Thumb Code    18  stm32f10x_rcc.o(.text)
    RCC_PCLK2Config                          0x080037e7   Thumb Code    20  stm32f10x_rcc.o(.text)
    RCC_ITConfig                             0x080037fb   Thumb Code    26  stm32f10x_rcc.o(.text)
    RCC_USBCLKConfig                         0x08003815   Thumb Code     8  stm32f10x_rcc.o(.text)
    RCC_ADCCLKConfig                         0x0800381d   Thumb Code    18  stm32f10x_rcc.o(.text)
    RCC_LSEConfig                            0x0800382f   Thumb Code    50  stm32f10x_rcc.o(.text)
    RCC_LSICmd                               0x08003861   Thumb Code     6  stm32f10x_rcc.o(.text)
    RCC_RTCCLKConfig                         0x08003867   Thumb Code    12  stm32f10x_rcc.o(.text)
    RCC_RTCCLKCmd                            0x08003873   Thumb Code     8  stm32f10x_rcc.o(.text)
    RCC_GetClocksFreq                        0x0800387b   Thumb Code   192  stm32f10x_rcc.o(.text)
    RCC_AHBPeriphClockCmd                    0x0800393b   Thumb Code    26  stm32f10x_rcc.o(.text)
    RCC_APB2PeriphClockCmd                   0x08003955   Thumb Code    26  stm32f10x_rcc.o(.text)
    RCC_APB1PeriphClockCmd                   0x0800396f   Thumb Code    26  stm32f10x_rcc.o(.text)
    RCC_APB2PeriphResetCmd                   0x08003989   Thumb Code    26  stm32f10x_rcc.o(.text)
    RCC_APB1PeriphResetCmd                   0x080039a3   Thumb Code    26  stm32f10x_rcc.o(.text)
    RCC_BackupResetCmd                       0x080039bd   Thumb Code     8  stm32f10x_rcc.o(.text)
    RCC_ClockSecuritySystemCmd               0x080039c5   Thumb Code     6  stm32f10x_rcc.o(.text)
    RCC_MCOConfig                            0x080039cb   Thumb Code     6  stm32f10x_rcc.o(.text)
    RCC_ClearFlag                            0x080039d1   Thumb Code    14  stm32f10x_rcc.o(.text)
    RCC_GetITStatus                          0x080039df   Thumb Code    20  stm32f10x_rcc.o(.text)
    RCC_ClearITPendingBit                    0x080039f3   Thumb Code     6  stm32f10x_rcc.o(.text)
    TIM_DeInit                               0x08003a1d   Thumb Code   424  stm32f10x_tim.o(.text)
    TIM_TimeBaseInit                         0x08003bc5   Thumb Code   122  stm32f10x_tim.o(.text)
    TIM_OC1Init                              0x08003c3f   Thumb Code   132  stm32f10x_tim.o(.text)
    TIM_OC2Init                              0x08003cc3   Thumb Code   154  stm32f10x_tim.o(.text)
    TIM_OC3Init                              0x08003d5d   Thumb Code   150  stm32f10x_tim.o(.text)
    TIM_OC4Init                              0x08003df3   Thumb Code   182  stm32f10x_tim.o(.text)
    TIM_SetIC4Prescaler                      0x08003ea9   Thumb Code    26  stm32f10x_tim.o(.text)
    TIM_SetIC3Prescaler                      0x08003f45   Thumb Code    18  stm32f10x_tim.o(.text)
    TIM_SetIC2Prescaler                      0x08003fd1   Thumb Code    26  stm32f10x_tim.o(.text)
    TIM_SetIC1Prescaler                      0x0800406d   Thumb Code    18  stm32f10x_tim.o(.text)
    TIM_ICInit                               0x080040eb   Thumb Code   150  stm32f10x_tim.o(.text)
    TIM_PWMIConfig                           0x08004181   Thumb Code   124  stm32f10x_tim.o(.text)
    TIM_BDTRConfig                           0x080041fd   Thumb Code    32  stm32f10x_tim.o(.text)
    TIM_TimeBaseStructInit                   0x0800421d   Thumb Code    18  stm32f10x_tim.o(.text)
    TIM_OCStructInit                         0x0800422f   Thumb Code    20  stm32f10x_tim.o(.text)
    TIM_ICStructInit                         0x08004243   Thumb Code    18  stm32f10x_tim.o(.text)
    TIM_BDTRStructInit                       0x08004255   Thumb Code    40  stm32f10x_tim.o(.text)
    TIM_Cmd                                  0x0800427d   Thumb Code    24  stm32f10x_tim.o(.text)
    TIM_CtrlPWMOutputs                       0x08004295   Thumb Code    30  stm32f10x_tim.o(.text)
    TIM_ITConfig                             0x080042b3   Thumb Code    18  stm32f10x_tim.o(.text)
    TIM_GenerateEvent                        0x080042c5   Thumb Code     4  stm32f10x_tim.o(.text)
    TIM_DMAConfig                            0x080042c9   Thumb Code    10  stm32f10x_tim.o(.text)
    TIM_DMACmd                               0x080042d3   Thumb Code    18  stm32f10x_tim.o(.text)
    TIM_InternalClockConfig                  0x080042e5   Thumb Code    12  stm32f10x_tim.o(.text)
    TIM_SelectInputTrigger                   0x080042f1   Thumb Code    18  stm32f10x_tim.o(.text)
    TIM_ITRxExternalClockConfig              0x08004303   Thumb Code    24  stm32f10x_tim.o(.text)
    TIM_TIxExternalClockConfig               0x0800431b   Thumb Code    62  stm32f10x_tim.o(.text)
    TIM_ETRConfig                            0x08004359   Thumb Code    28  stm32f10x_tim.o(.text)
    TIM_ETRClockMode1Config                  0x08004375   Thumb Code    54  stm32f10x_tim.o(.text)
    TIM_ETRClockMode2Config                  0x080043ab   Thumb Code    32  stm32f10x_tim.o(.text)
    TIM_PrescalerConfig                      0x080043cb   Thumb Code     6  stm32f10x_tim.o(.text)
    TIM_CounterModeConfig                    0x080043d1   Thumb Code    18  stm32f10x_tim.o(.text)
    TIM_EncoderInterfaceConfig               0x080043e3   Thumb Code    66  stm32f10x_tim.o(.text)
    TIM_ForcedOC1Config                      0x08004425   Thumb Code    18  stm32f10x_tim.o(.text)
    TIM_ForcedOC2Config                      0x08004437   Thumb Code    26  stm32f10x_tim.o(.text)
    TIM_ForcedOC3Config                      0x08004451   Thumb Code    18  stm32f10x_tim.o(.text)
    TIM_ForcedOC4Config                      0x08004463   Thumb Code    26  stm32f10x_tim.o(.text)
    TIM_ARRPreloadConfig                     0x0800447d   Thumb Code    24  stm32f10x_tim.o(.text)
    TIM_SelectCOM                            0x08004495   Thumb Code    24  stm32f10x_tim.o(.text)
    TIM_SelectCCDMA                          0x080044ad   Thumb Code    24  stm32f10x_tim.o(.text)
    TIM_CCPreloadControl                     0x080044c5   Thumb Code    24  stm32f10x_tim.o(.text)
    TIM_OC1PreloadConfig                     0x080044dd   Thumb Code    18  stm32f10x_tim.o(.text)
    TIM_OC2PreloadConfig                     0x080044ef   Thumb Code    26  stm32f10x_tim.o(.text)
    TIM_OC3PreloadConfig                     0x08004509   Thumb Code    18  stm32f10x_tim.o(.text)
    TIM_OC4PreloadConfig                     0x0800451b   Thumb Code    26  stm32f10x_tim.o(.text)
    TIM_OC1FastConfig                        0x08004535   Thumb Code    18  stm32f10x_tim.o(.text)
    TIM_OC2FastConfig                        0x08004547   Thumb Code    26  stm32f10x_tim.o(.text)
    TIM_OC3FastConfig                        0x08004561   Thumb Code    18  stm32f10x_tim.o(.text)
    TIM_OC4FastConfig                        0x08004573   Thumb Code    26  stm32f10x_tim.o(.text)
    TIM_ClearOC1Ref                          0x0800458d   Thumb Code    18  stm32f10x_tim.o(.text)
    TIM_ClearOC2Ref                          0x0800459f   Thumb Code    24  stm32f10x_tim.o(.text)
    TIM_ClearOC3Ref                          0x080045b7   Thumb Code    18  stm32f10x_tim.o(.text)
    TIM_ClearOC4Ref                          0x080045c9   Thumb Code    24  stm32f10x_tim.o(.text)
    TIM_OC1PolarityConfig                    0x080045e1   Thumb Code    18  stm32f10x_tim.o(.text)
    TIM_OC1NPolarityConfig                   0x080045f3   Thumb Code    18  stm32f10x_tim.o(.text)
    TIM_OC2PolarityConfig                    0x08004605   Thumb Code    26  stm32f10x_tim.o(.text)
    TIM_OC2NPolarityConfig                   0x0800461f   Thumb Code    26  stm32f10x_tim.o(.text)
    TIM_OC3PolarityConfig                    0x08004639   Thumb Code    26  stm32f10x_tim.o(.text)
    TIM_OC3NPolarityConfig                   0x08004653   Thumb Code    26  stm32f10x_tim.o(.text)
    TIM_OC4PolarityConfig                    0x0800466d   Thumb Code    26  stm32f10x_tim.o(.text)
    TIM_CCxCmd                               0x08004687   Thumb Code    30  stm32f10x_tim.o(.text)
    TIM_CCxNCmd                              0x080046a5   Thumb Code    30  stm32f10x_tim.o(.text)
    TIM_SelectOCxM                           0x080046c3   Thumb Code    82  stm32f10x_tim.o(.text)
    TIM_UpdateDisableConfig                  0x08004715   Thumb Code    24  stm32f10x_tim.o(.text)
    TIM_UpdateRequestConfig                  0x0800472d   Thumb Code    24  stm32f10x_tim.o(.text)
    TIM_SelectHallSensor                     0x08004745   Thumb Code    24  stm32f10x_tim.o(.text)
    TIM_SelectOnePulseMode                   0x0800475d   Thumb Code    18  stm32f10x_tim.o(.text)
    TIM_SelectOutputTrigger                  0x0800476f   Thumb Code    18  stm32f10x_tim.o(.text)
    TIM_SelectSlaveMode                      0x08004781   Thumb Code    18  stm32f10x_tim.o(.text)
    TIM_SelectMasterSlaveMode                0x08004793   Thumb Code    18  stm32f10x_tim.o(.text)
    TIM_SetCounter                           0x080047a5   Thumb Code     4  stm32f10x_tim.o(.text)
    TIM_SetAutoreload                        0x080047a9   Thumb Code     4  stm32f10x_tim.o(.text)
    TIM_SetCompare1                          0x080047ad   Thumb Code     4  stm32f10x_tim.o(.text)
    TIM_SetCompare2                          0x080047b1   Thumb Code     4  stm32f10x_tim.o(.text)
    TIM_SetCompare3                          0x080047b5   Thumb Code     4  stm32f10x_tim.o(.text)
    TIM_SetCompare4                          0x080047b9   Thumb Code     6  stm32f10x_tim.o(.text)
    TIM_SetClockDivision                     0x080047bf   Thumb Code    18  stm32f10x_tim.o(.text)
    TIM_GetCapture1                          0x080047d1   Thumb Code     6  stm32f10x_tim.o(.text)
    TIM_GetCapture2                          0x080047d7   Thumb Code     6  stm32f10x_tim.o(.text)
    TIM_GetCapture3                          0x080047dd   Thumb Code     6  stm32f10x_tim.o(.text)
    TIM_GetCapture4                          0x080047e3   Thumb Code     8  stm32f10x_tim.o(.text)
    TIM_GetCounter                           0x080047eb   Thumb Code     6  stm32f10x_tim.o(.text)
    TIM_GetPrescaler                         0x080047f1   Thumb Code     6  stm32f10x_tim.o(.text)
    TIM_GetFlagStatus                        0x080047f7   Thumb Code    18  stm32f10x_tim.o(.text)
    TIM_ClearFlag                            0x08004809   Thumb Code     6  stm32f10x_tim.o(.text)
    TIM_GetITStatus                          0x0800480f   Thumb Code    34  stm32f10x_tim.o(.text)
    TIM_ClearITPendingBit                    0x08004831   Thumb Code     6  stm32f10x_tim.o(.text)
    USART_DeInit                             0x08004839   Thumb Code   134  stm32f10x_usart.o(.text)
    USART_Init                               0x080048bf   Thumb Code   210  stm32f10x_usart.o(.text)
    USART_StructInit                         0x08004991   Thumb Code    24  stm32f10x_usart.o(.text)
    USART_ClockInit                          0x080049a9   Thumb Code    34  stm32f10x_usart.o(.text)
    USART_ClockStructInit                    0x080049cb   Thumb Code    12  stm32f10x_usart.o(.text)
    USART_Cmd                                0x080049d7   Thumb Code    24  stm32f10x_usart.o(.text)
    USART_ITConfig                           0x080049ef   Thumb Code    74  stm32f10x_usart.o(.text)
    USART_DMACmd                             0x08004a39   Thumb Code    18  stm32f10x_usart.o(.text)
    USART_SetAddress                         0x08004a4b   Thumb Code    18  stm32f10x_usart.o(.text)
    USART_WakeUpConfig                       0x08004a5d   Thumb Code    18  stm32f10x_usart.o(.text)
    USART_ReceiverWakeUpCmd                  0x08004a6f   Thumb Code    24  stm32f10x_usart.o(.text)
    USART_LINBreakDetectLengthConfig         0x08004a87   Thumb Code    18  stm32f10x_usart.o(.text)
    USART_LINCmd                             0x08004a99   Thumb Code    24  stm32f10x_usart.o(.text)
    USART_SendData                           0x08004ab1   Thumb Code     8  stm32f10x_usart.o(.text)
    USART_ReceiveData                        0x08004ab9   Thumb Code    10  stm32f10x_usart.o(.text)
    USART_SendBreak                          0x08004ac3   Thumb Code    10  stm32f10x_usart.o(.text)
    USART_SetGuardTime                       0x08004acd   Thumb Code    16  stm32f10x_usart.o(.text)
    USART_SetPrescaler                       0x08004add   Thumb Code    16  stm32f10x_usart.o(.text)
    USART_SmartCardCmd                       0x08004aed   Thumb Code    24  stm32f10x_usart.o(.text)
    USART_SmartCardNACKCmd                   0x08004b05   Thumb Code    24  stm32f10x_usart.o(.text)
    USART_HalfDuplexCmd                      0x08004b1d   Thumb Code    24  stm32f10x_usart.o(.text)
    USART_OverSampling8Cmd                   0x08004b35   Thumb Code    22  stm32f10x_usart.o(.text)
    USART_OneBitMethodCmd                    0x08004b4b   Thumb Code    24  stm32f10x_usart.o(.text)
    USART_IrDAConfig                         0x08004b63   Thumb Code    18  stm32f10x_usart.o(.text)
    USART_IrDACmd                            0x08004b75   Thumb Code    24  stm32f10x_usart.o(.text)
    USART_GetFlagStatus                      0x08004b8d   Thumb Code    26  stm32f10x_usart.o(.text)
    USART_ClearFlag                          0x08004ba7   Thumb Code    18  stm32f10x_usart.o(.text)
    USART_GetITStatus                        0x08004bb9   Thumb Code    84  stm32f10x_usart.o(.text)
    USART_ClearITPendingBit                  0x08004c0d   Thumb Code    52  stm32f10x_usart.o(.text)
    WWDG_DeInit                              0x08004c41   Thumb Code    22  stm32f10x_wwdg.o(.text)
    WWDG_SetPrescaler                        0x08004c57   Thumb Code    18  stm32f10x_wwdg.o(.text)
    WWDG_SetWindowValue                      0x08004c69   Thumb Code    34  stm32f10x_wwdg.o(.text)
    WWDG_EnableIT                            0x08004c8b   Thumb Code     8  stm32f10x_wwdg.o(.text)
    WWDG_SetCounter                          0x08004c93   Thumb Code    12  stm32f10x_wwdg.o(.text)
    WWDG_Enable                              0x08004c9f   Thumb Code    12  stm32f10x_wwdg.o(.text)
    WWDG_GetFlagStatus                       0x08004cab   Thumb Code    10  stm32f10x_wwdg.o(.text)
    WWDG_ClearFlag                           0x08004cb5   Thumb Code    10  stm32f10x_wwdg.o(.text)
    net_get_request_size                     0x08004cc9   Thumb Code    24  interchip.o(.text)
    net_bind                                 0x08004ded   Thumb Code    48  interchip.o(.text)
    net_prepare_pkt                          0x08004e1d   Thumb Code    48  interchip.o(.text)
    net_pkt_pushdata                         0x08004e4d   Thumb Code    80  interchip.o(.text)
    net_flush_pkt                            0x08004e9d   Thumb Code    74  interchip.o(.text)
    net_send_pkt                             0x08004ee7   Thumb Code    42  interchip.o(.text)
    net_send_errorcode                       0x08004f11   Thumb Code    22  interchip.o(.text)
    net_send_ans                             0x08004f27   Thumb Code    26  interchip.o(.text)
    net_prepare_ans                          0x08004f41   Thumb Code    22  interchip.o(.text)
    net_get_request_cmd                      0x08004f57   Thumb Code    22  interchip.o(.text)
    net_poll_request                         0x08004f6d   Thumb Code   124  interchip.o(.text)
    net_get_request_data                     0x08004fe9   Thumb Code    22  interchip.o(.text)
    SysTick_Handler                          0x08005009   Thumb Code    12  boarddrv.o(.text)
    alert                                    0x08005015   Thumb Code     8  boarddrv.o(.text)
    is_alert                                 0x0800501d   Thumb Code     6  boarddrv.o(.text)
    clear_alert                              0x08005023   Thumb Code     8  boarddrv.o(.text)
    board_set_abort_proc                     0x0800502b   Thumb Code     6  boarddrv.o(.text)
    board_abort_mode                         0x08005031   Thumb Code    12  boarddrv.o(.text)
    getms                                    0x0800503d   Thumb Code     6  boarddrv.o(.text)
    getus                                    0x08005043   Thumb Code    92  boarddrv.o(.text)
    delay                                    0x0800509f   Thumb Code    22  boarddrv.o(.text)
    delay_alert                              0x080050b5   Thumb Code    34  boarddrv.o(.text)
    adc_read_start                           0x080050d7   Thumb Code    38  boarddrv.o(.text)
    adc_read_final                           0x080050fd   Thumb Code    14  boarddrv.o(.text)
    adc_read_wait                            0x0800510b   Thumb Code    26  boarddrv.o(.text)
    board_get_temperature                    0x08005125   Thumb Code    54  boarddrv.o(.text)
    softdelay_calibrate                      0x08005185   Thumb Code    74  softdelay.o(.text)
    _delay_us                                0x080051cf   Thumb Code    18  softdelay.o(.text)
    usart_shutdown                           0x08005279   Thumb Code    52  usart.o(.text)
    usart_begin                              0x080052ad   Thumb Code   214  usart.o(.text)
    usart_tx_wait                            0x08005383   Thumb Code    52  usart.o(.text)
    usart_txbuffer_set                       0x080053b7   Thumb Code    96  usart.o(.text)
    usart_txbuffer_flush                     0x08005417   Thumb Code    80  usart.o(.text)
    usart_tx                                 0x08005467   Thumb Code    44  usart.o(.text)
    usart_tx_putc                            0x08005493   Thumb Code    16  usart.o(.text)
    usart_recv_flush                         0x080054a3   Thumb Code    50  usart.o(.text)
    usart_recv_avail                         0x080054d5   Thumb Code    62  usart.o(.text)
    usart_recv_getc                          0x08005513   Thumb Code    84  usart.o(.text)
    usart_recv_gets                          0x08005567   Thumb Code    52  usart.o(.text)
    usart_setrecv_func                       0x080055f5   Thumb Code    40  usart.o(.text)
    usart_getrecv_func                       0x0800561d   Thumb Code    34  usart.o(.text)
    USART1_IRQHandler                        0x0800563f   Thumb Code    62  usart.o(.text)
    USART2_IRQHandler                        0x0800567d   Thumb Code    62  usart.o(.text)
    USART3_IRQHandler                        0x080056bb   Thumb Code    62  usart.o(.text)
    init_bumpermonitor                       0x0800573f   Thumb Code    14  bump_monitor.o(.text)
    shutdown_bumpermonitor                   0x0800574d   Thumb Code     2  bump_monitor.o(.text)
    heartbeat_bumpermonitor                  0x0800574f   Thumb Code    30  bump_monitor.o(.text)
    bumpermonitor_filter_motorcmd            0x0800576d   Thumb Code    54  bump_monitor.o(.text)
    bumpermonitor_clamp_motorcmd             0x080057a3   Thumb Code    60  bump_monitor.o(.text)
    get_board_ver                            0x08005a5d   Thumb Code     6  hwconf.o(.text)
    init_board                               0x08005a63   Thumb Code    30  hwconf.o(.text)
    shutdown_heartbeat                       0x08005b3b   Thumb Code    28  main.o(.text)
    main                                     0x08005b9b   Thumb Code   112  main.o(.text)
    on_host_request                          0x080060cb   Thumb Code    42  request_handler.o(.text)
    Reset_Handler                            0x0800610d   Thumb Code     8  startup_stm32f10x_hd.o(.text)
    ADC1_2_IRQHandler                        0x08006127   Thumb Code     0  startup_stm32f10x_hd.o(.text)
    ADC3_IRQHandler                          0x08006127   Thumb Code     0  startup_stm32f10x_hd.o(.text)
    CAN1_RX1_IRQHandler                      0x08006127   Thumb Code     0  startup_stm32f10x_hd.o(.text)
    CAN1_SCE_IRQHandler                      0x08006127   Thumb Code     0  startup_stm32f10x_hd.o(.text)
    DMA1_Channel1_IRQHandler                 0x08006127   Thumb Code     0  startup_stm32f10x_hd.o(.text)
    DMA1_Channel2_IRQHandler                 0x08006127   Thumb Code     0  startup_stm32f10x_hd.o(.text)
    DMA1_Channel3_IRQHandler                 0x08006127   Thumb Code     0  startup_stm32f10x_hd.o(.text)
    DMA1_Channel4_IRQHandler                 0x08006127   Thumb Code     0  startup_stm32f10x_hd.o(.text)
    DMA1_Channel5_IRQHandler                 0x08006127   Thumb Code     0  startup_stm32f10x_hd.o(.text)
    DMA1_Channel6_IRQHandler                 0x08006127   Thumb Code     0  startup_stm32f10x_hd.o(.text)
    DMA1_Channel7_IRQHandler                 0x08006127   Thumb Code     0  startup_stm32f10x_hd.o(.text)
    DMA2_Channel1_IRQHandler                 0x08006127   Thumb Code     0  startup_stm32f10x_hd.o(.text)
    DMA2_Channel2_IRQHandler                 0x08006127   Thumb Code     0  startup_stm32f10x_hd.o(.text)
    DMA2_Channel3_IRQHandler                 0x08006127   Thumb Code     0  startup_stm32f10x_hd.o(.text)
    DMA2_Channel4_5_IRQHandler               0x08006127   Thumb Code     0  startup_stm32f10x_hd.o(.text)
    EXTI0_IRQHandler                         0x08006127   Thumb Code     0  startup_stm32f10x_hd.o(.text)
    EXTI1_IRQHandler                         0x08006127   Thumb Code     0  startup_stm32f10x_hd.o(.text)
    EXTI4_IRQHandler                         0x08006127   Thumb Code     0  startup_stm32f10x_hd.o(.text)
    FLASH_IRQHandler                         0x08006127   Thumb Code     0  startup_stm32f10x_hd.o(.text)
    FSMC_IRQHandler                          0x08006127   Thumb Code     0  startup_stm32f10x_hd.o(.text)
    I2C1_ER_IRQHandler                       0x08006127   Thumb Code     0  startup_stm32f10x_hd.o(.text)
    I2C1_EV_IRQHandler                       0x08006127   Thumb Code     0  startup_stm32f10x_hd.o(.text)
    I2C2_ER_IRQHandler                       0x08006127   Thumb Code     0  startup_stm32f10x_hd.o(.text)
    I2C2_EV_IRQHandler                       0x08006127   Thumb Code     0  startup_stm32f10x_hd.o(.text)
    PVD_IRQHandler                           0x08006127   Thumb Code     0  startup_stm32f10x_hd.o(.text)
    RCC_IRQHandler                           0x08006127   Thumb Code     0  startup_stm32f10x_hd.o(.text)
    RTCAlarm_IRQHandler                      0x08006127   Thumb Code     0  startup_stm32f10x_hd.o(.text)
    RTC_IRQHandler                           0x08006127   Thumb Code     0  startup_stm32f10x_hd.o(.text)
    SDIO_IRQHandler                          0x08006127   Thumb Code     0  startup_stm32f10x_hd.o(.text)
    SPI1_IRQHandler                          0x08006127   Thumb Code     0  startup_stm32f10x_hd.o(.text)
    SPI2_IRQHandler                          0x08006127   Thumb Code     0  startup_stm32f10x_hd.o(.text)
    SPI3_IRQHandler                          0x08006127   Thumb Code     0  startup_stm32f10x_hd.o(.text)
    TAMPER_IRQHandler                        0x08006127   Thumb Code     0  startup_stm32f10x_hd.o(.text)
    TIM1_BRK_IRQHandler                      0x08006127   Thumb Code     0  startup_stm32f10x_hd.o(.text)
    TIM1_CC_IRQHandler                       0x08006127   Thumb Code     0  startup_stm32f10x_hd.o(.text)
    TIM1_TRG_COM_IRQHandler                  0x08006127   Thumb Code     0  startup_stm32f10x_hd.o(.text)
    TIM1_UP_IRQHandler                       0x08006127   Thumb Code     0  startup_stm32f10x_hd.o(.text)
    TIM2_IRQHandler                          0x08006127   Thumb Code     0  startup_stm32f10x_hd.o(.text)
    TIM3_IRQHandler                          0x08006127   Thumb Code     0  startup_stm32f10x_hd.o(.text)
    TIM4_IRQHandler                          0x08006127   Thumb Code     0  startup_stm32f10x_hd.o(.text)
    TIM5_IRQHandler                          0x08006127   Thumb Code     0  startup_stm32f10x_hd.o(.text)
    TIM6_IRQHandler                          0x08006127   Thumb Code     0  startup_stm32f10x_hd.o(.text)
    TIM7_IRQHandler                          0x08006127   Thumb Code     0  startup_stm32f10x_hd.o(.text)
    TIM8_BRK_IRQHandler                      0x08006127   Thumb Code     0  startup_stm32f10x_hd.o(.text)
    TIM8_CC_IRQHandler                       0x08006127   Thumb Code     0  startup_stm32f10x_hd.o(.text)
    TIM8_TRG_COM_IRQHandler                  0x08006127   Thumb Code     0  startup_stm32f10x_hd.o(.text)
    TIM8_UP_IRQHandler                       0x08006127   Thumb Code     0  startup_stm32f10x_hd.o(.text)
    UART4_IRQHandler                         0x08006127   Thumb Code     0  startup_stm32f10x_hd.o(.text)
    UART5_IRQHandler                         0x08006127   Thumb Code     0  startup_stm32f10x_hd.o(.text)
    USBWakeUp_IRQHandler                     0x08006127   Thumb Code     0  startup_stm32f10x_hd.o(.text)
    USB_HP_CAN1_TX_IRQHandler                0x08006127   Thumb Code     0  startup_stm32f10x_hd.o(.text)
    USB_LP_CAN1_RX0_IRQHandler               0x08006127   Thumb Code     0  startup_stm32f10x_hd.o(.text)
    WWDG_IRQHandler                          0x08006127   Thumb Code     0  startup_stm32f10x_hd.o(.text)
    SystemInit                               0x0800620f   Thumb Code    78  system_stm32f10x.o(.text)
    SystemCoreClockUpdate                    0x0800625d   Thumb Code   142  system_stm32f10x.o(.text)
    __aeabi_uldivmod                         0x08006311   Thumb Code    98  uldiv.o(.text)
    __aeabi_ldivmod                          0x08006373   Thumb Code    98  ldiv.o(.text)
    __aeabi_memcpy                           0x080063d5   Thumb Code    36  memcpya.o(.text)
    __aeabi_memcpy4                          0x080063d5   Thumb Code     0  memcpya.o(.text)
    __aeabi_memcpy8                          0x080063d5   Thumb Code     0  memcpya.o(.text)
    __aeabi_memset                           0x080063f9   Thumb Code    14  memseta.o(.text)
    __aeabi_memset4                          0x080063f9   Thumb Code     0  memseta.o(.text)
    __aeabi_memset8                          0x080063f9   Thumb Code     0  memseta.o(.text)
    __aeabi_memclr                           0x08006407   Thumb Code     4  memseta.o(.text)
    __aeabi_memclr4                          0x08006407   Thumb Code     0  memseta.o(.text)
    __aeabi_memclr8                          0x08006407   Thumb Code     0  memseta.o(.text)
    _memset$wrapper                          0x0800640b   Thumb Code    18  memseta.o(.text)
    strncpy                                  0x0800641d   Thumb Code    24  strncpy.o(.text)
    strlen                                   0x08006435   Thumb Code    14  strlen.o(.text)
    strcpy                                   0x08006443   Thumb Code    18  strcpy.o(.text)
    __aeabi_fadd                             0x08006455   Thumb Code   164  fadd.o(.text)
    __aeabi_fsub                             0x080064f9   Thumb Code     6  fadd.o(.text)
    __aeabi_frsub                            0x080064ff   Thumb Code     6  fadd.o(.text)
    __aeabi_fmul                             0x08006505   Thumb Code   100  fmul.o(.text)
    __aeabi_dmul                             0x08006569   Thumb Code   228  dmul.o(.text)
    __aeabi_ddiv                             0x0800664d   Thumb Code   222  ddiv.o(.text)
    __aeabi_i2f                              0x0800672b   Thumb Code    18  fflti.o(.text)
    __aeabi_ui2f                             0x0800673d   Thumb Code    10  ffltui.o(.text)
    __aeabi_ui2d                             0x08006747   Thumb Code    26  dfltui.o(.text)
    __aeabi_f2iz                             0x08006761   Thumb Code    50  ffixi.o(.text)
    __aeabi_f2uiz                            0x08006793   Thumb Code    40  ffixui.o(.text)
    __aeabi_d2uiz                            0x080067bb   Thumb Code    50  dfixui.o(.text)
    __aeabi_f2d                              0x080067ed   Thumb Code    38  f2d.o(.text)
    __aeabi_d2f                              0x08006813   Thumb Code    56  d2f.o(.text)
    __aeabi_cfcmpeq                          0x0800684d   Thumb Code     0  cfcmple.o(.text)
    __aeabi_cfcmple                          0x0800684d   Thumb Code    20  cfcmple.o(.text)
    __aeabi_cfrcmple                         0x08006861   Thumb Code    20  cfrcmple.o(.text)
    __aeabi_uidiv                            0x08006875   Thumb Code     0  uidiv.o(.text)
    __aeabi_uidivmod                         0x08006875   Thumb Code    44  uidiv.o(.text)
    __aeabi_llsl                             0x080068a1   Thumb Code    30  llshl.o(.text)
    _ll_shift_l                              0x080068a1   Thumb Code     0  llshl.o(.text)
    __aeabi_llsr                             0x080068bf   Thumb Code    32  llushr.o(.text)
    _ll_ushift_r                             0x080068bf   Thumb Code     0  llushr.o(.text)
    __I$use$fp                               0x080068df   Thumb Code     0  iusefp.o(.text)
    _float_round                             0x080068df   Thumb Code    18  fepilogue.o(.text)
    _float_epilogue                          0x080068f1   Thumb Code    92  fepilogue.o(.text)
    _double_round                            0x0800694d   Thumb Code    30  depilogue.o(.text)
    _double_epilogue                         0x0800696b   Thumb Code   156  depilogue.o(.text)
    __scatterload                            0x08006a09   Thumb Code    28  init.o(.text)
    __scatterload_rt2                        0x08006a09   Thumb Code     0  init.o(.text)
    __decompress                             0x08006a2d   Thumb Code     0  __dczerorl2.o(.text)
    __decompress1                            0x08006a2d   Thumb Code    86  __dczerorl2.o(.text)
    __0printf$1                              0x08006a85   Thumb Code    22  printf1.o(i.__0printf$1)
    __1printf$1                              0x08006a85   Thumb Code     0  printf1.o(i.__0printf$1)
    __2printf                                0x08006a85   Thumb Code     0  printf1.o(i.__0printf$1)
    __scatterload_copy                       0x08006aa5   Thumb Code    14  handlers.o(i.__scatterload_copy)
    __scatterload_null                       0x08006ab3   Thumb Code     2  handlers.o(i.__scatterload_null)
    __scatterload_zeroinit                   0x08006ab5   Thumb Code    14  handlers.o(i.__scatterload_zeroinit)
    slamware_config                          0x08006c68   Data         308  binary_config.o(.constdata)
    slamware_config_size                     0x08006d9c   Data           4  binary_config.o(.constdata)
    Region$$Table$$Base                      0x08006da0   Number         0  anon$$obj.o(Region$$Table)
    Region$$Table$$Limit                     0x08006dc0   Number         0  anon$$obj.o(Region$$Table)
    _ticks_per_us                            0x20000108   Data           4  softdelay.o(.data)
    shutdownHeartbeatFrequency               0x20000120   Data           4  main.o(.data)
    SystemCoreClock                          0x20000124   Data           4  system_stm32f10x.o(.data)
    AHBPrescTable                            0x20000128   Data          16  system_stm32f10x.o(.data)
    __stdout                                 0x20000138   Data           4  stdout.o(.data)
    baseInfo                                 0x20000164   Data          28  drv_ctrlbus.o(.bss)
    __initial_sp                             0x20001190   Data           0  startup_stm32f10x_hd.o(STACK)



==============================================================================

Memory Map of the image

  Image Entry point : 0x08000131

  Load Region LR_IROM1 (Base: 0x08000000, Size: 0x00006efc, Max: 0x00080000, ABSOLUTE, COMPRESSED[0x00006e0c])

    Execution Region ER_IROM1 (Exec base: 0x08000000, Load base: 0x08000000, Size: 0x00006dc0, Max: 0x00080000, ABSOLUTE)

    Exec Addr    Load Addr    Size         Type   Attr      Idx    E Section Name        Object

    0x08000000   0x08000000   0x00000130   Data   RO          938    RESET               startup_stm32f10x_hd.o
    0x08000130   0x08000130   0x00000000   Code   RO          961  * .ARM.Collect$$$$00000000  mc_w.l(entry.o)
    0x08000130   0x08000130   0x00000004   Code   RO         1269    .ARM.Collect$$$$00000001  mc_w.l(entry2.o)
    0x08000134   0x08000134   0x00000004   Code   RO         1272    .ARM.Collect$$$$00000004  mc_w.l(entry5.o)
    0x08000138   0x08000138   0x00000000   Code   RO         1274    .ARM.Collect$$$$00000008  mc_w.l(entry7b.o)
    0x08000138   0x08000138   0x00000000   Code   RO         1276    .ARM.Collect$$$$0000000A  mc_w.l(entry8b.o)
    0x08000138   0x08000138   0x00000008   Code   RO         1277    .ARM.Collect$$$$0000000B  mc_w.l(entry9a.o)
    0x08000140   0x08000140   0x00000000   Code   RO         1279    .ARM.Collect$$$$0000000D  mc_w.l(entry10a.o)
    0x08000140   0x08000140   0x00000000   Code   RO         1281    .ARM.Collect$$$$0000000F  mc_w.l(entry11a.o)
    0x08000140   0x08000140   0x00000004   Code   RO         1270    .ARM.Collect$$$$00002712  mc_w.l(entry2.o)
    0x08000144   0x08000144   0x00000096   Code   RO            1    .text               filters.o
    0x080001da   0x080001da   0x00000018   Code   RO          106    .text               stm32f10x_it.o
    0x080001f2   0x080001f2   0x00000002   PAD
    0x080001f4   0x080001f4   0x00000018   Code   RO          161    .text               util.o
    0x0800020c   0x0800020c   0x000002e0   Code   RO          173    .text               battery.o
    0x080004ec   0x080004ec   0x000001c8   Code   RO          197    .text               beep.o
    0x080006b4   0x080006b4   0x00000074   Code   RO          214    .text               bump.o
    0x08000728   0x08000728   0x000002d0   Code   RO          229    .text               distir.o
    0x080009f8   0x080009f8   0x00000108   Code   RO          250    .text               drv_ctrlbus.o
    0x08000b00   0x08000b00   0x00000334   Code   RO          287    .text               homeir.o
    0x08000e34   0x08000e34   0x00000190   Code   RO          313    .text               irdecoder.o
    0x08000fc4   0x08000fc4   0x00000354   Code   RO          325    .text               led.o
    0x08001318   0x08001318   0x00000868   Code   RO          342    .text               motor.o
    0x08001b80   0x08001b80   0x000000d0   Code   RO          364    .text               serial_channel.o
    0x08001c50   0x08001c50   0x000005cc   Code   RO          391    .text               sonar.o
    0x0800221c   0x0800221c   0x00000040   Code   RO          416    .text               watchdog.o
    0x0800225c   0x0800225c   0x00000268   Code   RO          431    .text               health_monitor.o
    0x080024c4   0x080024c4   0x000000dc   Code   RO          452    .text               misc.o
    0x080025a0   0x080025a0   0x0000044e   Code   RO          464    .text               stm32f10x_adc.o
    0x080029ee   0x080029ee   0x00000002   PAD
    0x080029f0   0x080029f0   0x00000254   Code   RO          566    .text               stm32f10x_dma.o
    0x08002c44   0x08002c44   0x0000011c   Code   RO          578    .text               stm32f10x_exti.o
    0x08002d60   0x08002d60   0x000005bc   Code   RO          590    .text               stm32f10x_flash.o
    0x0800331c   0x0800331c   0x0000035c   Code   RO          617    .text               stm32f10x_gpio.o
    0x08003678   0x08003678   0x000003a4   Code   RO          671    .text               stm32f10x_rcc.o
    0x08003a1c   0x08003a1c   0x00000e1a   Code   RO          727    .text               stm32f10x_tim.o
    0x08004836   0x08004836   0x00000002   PAD
    0x08004838   0x08004838   0x00000408   Code   RO          739    .text               stm32f10x_usart.o
    0x08004c40   0x08004c40   0x00000088   Code   RO          751    .text               stm32f10x_wwdg.o
    0x08004cc8   0x08004cc8   0x0000033c   Code   RO          763    .text               interchip.o
    0x08005004   0x08005004   0x00000170   Code   RO          775    .text               boarddrv.o
    0x08005174   0x08005174   0x00000074   Code   RO          792    .text               softdelay.o
    0x080051e8   0x080051e8   0x00000530   Code   RO          807    .text               usart.o
    0x08005718   0x08005718   0x000000d0   Code   RO          831    .text               bump_monitor.o
    0x080057e8   0x080057e8   0x000002c8   Code   RO          851    .text               hwconf.o
    0x08005ab0   0x08005ab0   0x000001ac   Code   RO          869    .text               main.o
    0x08005c5c   0x08005c5c   0x000004ae   Code   RO          908    .text               request_handler.o
    0x0800610a   0x0800610a   0x00000002   PAD
    0x0800610c   0x0800610c   0x00000024   Code   RO          939    .text               startup_stm32f10x_hd.o
    0x08006130   0x08006130   0x000001e0   Code   RO          943    .text               system_stm32f10x.o
    0x08006310   0x08006310   0x00000062   Code   RO          964    .text               mc_w.l(uldiv.o)
    0x08006372   0x08006372   0x00000062   Code   RO          966    .text               mc_w.l(ldiv.o)
    0x080063d4   0x080063d4   0x00000024   Code   RO          968    .text               mc_w.l(memcpya.o)
    0x080063f8   0x080063f8   0x00000024   Code   RO          970    .text               mc_w.l(memseta.o)
    0x0800641c   0x0800641c   0x00000018   Code   RO          972    .text               mc_w.l(strncpy.o)
    0x08006434   0x08006434   0x0000000e   Code   RO          974    .text               mc_w.l(strlen.o)
    0x08006442   0x08006442   0x00000012   Code   RO          976    .text               mc_w.l(strcpy.o)
    0x08006454   0x08006454   0x000000b0   Code   RO         1241    .text               mf_w.l(fadd.o)
    0x08006504   0x08006504   0x00000064   Code   RO         1243    .text               mf_w.l(fmul.o)
    0x08006568   0x08006568   0x000000e4   Code   RO         1245    .text               mf_w.l(dmul.o)
    0x0800664c   0x0800664c   0x000000de   Code   RO         1247    .text               mf_w.l(ddiv.o)
    0x0800672a   0x0800672a   0x00000012   Code   RO         1249    .text               mf_w.l(fflti.o)
    0x0800673c   0x0800673c   0x0000000a   Code   RO         1251    .text               mf_w.l(ffltui.o)
    0x08006746   0x08006746   0x0000001a   Code   RO         1253    .text               mf_w.l(dfltui.o)
    0x08006760   0x08006760   0x00000032   Code   RO         1255    .text               mf_w.l(ffixi.o)
    0x08006792   0x08006792   0x00000028   Code   RO         1257    .text               mf_w.l(ffixui.o)
    0x080067ba   0x080067ba   0x00000032   Code   RO         1259    .text               mf_w.l(dfixui.o)
    0x080067ec   0x080067ec   0x00000026   Code   RO         1261    .text               mf_w.l(f2d.o)
    0x08006812   0x08006812   0x00000038   Code   RO         1263    .text               mf_w.l(d2f.o)
    0x0800684a   0x0800684a   0x00000002   PAD
    0x0800684c   0x0800684c   0x00000014   Code   RO         1265    .text               mf_w.l(cfcmple.o)
    0x08006860   0x08006860   0x00000014   Code   RO         1267    .text               mf_w.l(cfrcmple.o)
    0x08006874   0x08006874   0x0000002c   Code   RO         1284    .text               mc_w.l(uidiv.o)
    0x080068a0   0x080068a0   0x0000001e   Code   RO         1286    .text               mc_w.l(llshl.o)
    0x080068be   0x080068be   0x00000020   Code   RO         1288    .text               mc_w.l(llushr.o)
    0x080068de   0x080068de   0x00000000   Code   RO         1290    .text               mc_w.l(iusefp.o)
    0x080068de   0x080068de   0x0000006e   Code   RO         1291    .text               mf_w.l(fepilogue.o)
    0x0800694c   0x0800694c   0x000000ba   Code   RO         1293    .text               mf_w.l(depilogue.o)
    0x08006a06   0x08006a06   0x00000002   PAD
    0x08006a08   0x08006a08   0x00000024   Code   RO         1301    .text               mc_w.l(init.o)
    0x08006a2c   0x08006a2c   0x00000056   Code   RO         1313    .text               mc_w.l(__dczerorl2.o)
    0x08006a82   0x08006a82   0x00000002   PAD
    0x08006a84   0x08006a84   0x00000020   Code   RO         1025    i.__0printf$1       mc_w.l(printf1.o)
    0x08006aa4   0x08006aa4   0x0000000e   Code   RO         1307    i.__scatterload_copy  mc_w.l(handlers.o)
    0x08006ab2   0x08006ab2   0x00000002   Code   RO         1308    i.__scatterload_null  mc_w.l(handlers.o)
    0x08006ab4   0x08006ab4   0x0000000e   Code   RO         1309    i.__scatterload_zeroinit  mc_w.l(handlers.o)
    0x08006ac2   0x08006ac2   0x00000002   PAD
    0x08006ac4   0x08006ac4   0x00000154   Code   RO         1032    i._printf_core      mc_w.l(printf1.o)
    0x08006c18   0x08006c18   0x00000050   Data   RO          393    .constdata          sonar.o
    0x08006c68   0x08006c68   0x00000138   Data   RO          822    .constdata          binary_config.o
    0x08006da0   0x08006da0   0x00000020   Data   RO         1305    Region$$Table       anon$$obj.o


    Execution Region RW_IRAM1 (Exec base: 0x20000000, Load base: 0x08006dc0, Size: 0x00001190, Max: 0x00010000, ABSOLUTE, COMPRESSED[0x0000004c])

    Exec Addr    Load Addr    Size         Type   Attr      Idx    E Section Name        Object

    0x20000000   COMPRESSED   0x00000012   Data   RW          175    .data               battery.o
    0x20000012   COMPRESSED   0x00000002   PAD
    0x20000014   COMPRESSED   0x00000028   Data   RW          198    .data               beep.o
    0x2000003c   COMPRESSED   0x00000038   Data   RW          231    .data               distir.o
    0x20000074   COMPRESSED   0x00000001   Data   RW          252    .data               drv_ctrlbus.o
    0x20000075   COMPRESSED   0x00000003   PAD
    0x20000078   COMPRESSED   0x0000000c   Data   RW          326    .data               led.o
    0x20000084   COMPRESSED   0x00000054   Data   RW          344    .data               motor.o
    0x200000d8   COMPRESSED   0x00000004   Data   RW          366    .data               serial_channel.o
    0x200000dc   COMPRESSED   0x00000001   Data   RW          394    .data               sonar.o
    0x200000dd   COMPRESSED   0x00000003   PAD
    0x200000e0   COMPRESSED   0x00000008   Data   RW          433    .data               health_monitor.o
    0x200000e8   COMPRESSED   0x00000014   Data   RW          672    .data               stm32f10x_rcc.o
    0x200000fc   COMPRESSED   0x0000000c   Data   RW          776    .data               boarddrv.o
    0x20000108   COMPRESSED   0x00000004   Data   RW          793    .data               softdelay.o
    0x2000010c   COMPRESSED   0x0000000c   Data   RW          809    .data               usart.o
    0x20000118   COMPRESSED   0x00000005   Data   RW          832    .data               bump_monitor.o
    0x2000011d   COMPRESSED   0x00000001   Data   RW          852    .data               hwconf.o
    0x2000011e   COMPRESSED   0x00000002   PAD
    0x20000120   COMPRESSED   0x00000004   Data   RW          870    .data               main.o
    0x20000124   COMPRESSED   0x00000014   Data   RW          944    .data               system_stm32f10x.o
    0x20000138   COMPRESSED   0x00000004   Data   RW         1283    .data               mc_w.l(stdout.o)
    0x2000013c        -       0x00000014   Zero   RW          174    .bss                battery.o
    0x20000150        -       0x00000014   Zero   RW          230    .bss                distir.o
    0x20000164        -       0x0000001c   Zero   RW          251    .bss                drv_ctrlbus.o
    0x20000180        -       0x0000006c   Zero   RW          288    .bss                homeir.o
    0x200001ec        -       0x00000220   Zero   RW          365    .bss                serial_channel.o
    0x2000040c        -       0x00000050   Zero   RW          392    .bss                sonar.o
    0x2000045c        -       0x0000019a   Zero   RW          432    .bss                health_monitor.o
    0x200005f6   COMPRESSED   0x00000002   PAD
    0x200005f8        -       0x00000798   Zero   RW          808    .bss                usart.o
    0x20000d90        -       0x00000400   Zero   RW          936    STACK               startup_stm32f10x_hd.o


==============================================================================

Image component sizes


      Code (inc. data)   RO Data    RW Data    ZI Data      Debug   Object Name

       736         94          0         18         20       6455   battery.o
       456         28          0         40          0       5284   beep.o
         0          0        312          0          0        843   binary_config.o
       368         26          0         12          0       6527   boarddrv.o
       116          6          0          0          0        973   bump.o
       208         10          0          5          0       2171   bump_monitor.o
         0          0          0          0          0         32   core_cm3.o
       720         46          0         56         20       8232   distir.o
       264         32          0          1         28       5323   drv_ctrlbus.o
       150          0          0          0          0     274716   filters.o
       616         18          0          8        410      12349   health_monitor.o
       820         20          0          0        108      23814   homeir.o
       712         48          0          1          0      18190   hwconf.o
       828          6          0          0          0       5450   interchip.o
       400          0          0          0          0       2232   irdecoder.o
       852         16          0         12          0       4957   led.o
       428         82          0          4          0       2711   main.o
       220         22          0          0          0       2177   misc.o
      2152        148          0         84          0      11037   motor.o
      1198         24          0          0          0       3496   request_handler.o
       208         30          0          4        544       4153   serial_channel.o
       116          8          0          4          0       1808   softdelay.o
      1484         70         80          1         80       7445   sonar.o
        36          8        304          0       1024       1032   startup_stm32f10x_hd.o
      1102         26          0          0          0      11417   stm32f10x_adc.o
       596          8          0          0          0       4742   stm32f10x_dma.o
       284         10          0          0          0       2635   stm32f10x_exti.o
      1468         34          0          0          0       8586   stm32f10x_flash.o
       860         38          0          0          0       6113   stm32f10x_gpio.o
        24          0          0          0          0     279226   stm32f10x_it.o
       932         36          0         20          0       9420   stm32f10x_rcc.o
      3610         88          0          0          0      23220   stm32f10x_tim.o
      1032         22          0          0          0       8832   stm32f10x_usart.o
       136         10          0          0          0       2668   stm32f10x_wwdg.o
       480         38          0         20          0       2423   system_stm32f10x.o
      1328         48          0         12       1944       8148   usart.o
        24          6          0          0          0        636   util.o
        64          0          0          0          0        809   watchdog.o

    ----------------------------------------------------------------------
     25036       1106        728        312       4180     780282   Object Totals
         0          0         32          0          0          0   (incl. Generated)
         8          0          0         10          2          0   (incl. Padding)

    ----------------------------------------------------------------------

      Code (inc. data)   RO Data    RW Data    ZI Data      Debug   Library Member Name

        86          0          0          0          0          0   __dczerorl2.o
         0          0          0          0          0          0   entry.o
         0          0          0          0          0          0   entry10a.o
         0          0          0          0          0          0   entry11a.o
         8          4          0          0          0          0   entry2.o
         4          0          0          0          0          0   entry5.o
         0          0          0          0          0          0   entry7b.o
         0          0          0          0          0          0   entry8b.o
         8          4          0          0          0          0   entry9a.o
        30          0          0          0          0          0   handlers.o
        36          8          0          0          0         68   init.o
         0          0          0          0          0          0   iusefp.o
        98          0          0          0          0         84   ldiv.o
        30          0          0          0          0         68   llshl.o
        32          0          0          0          0         68   llushr.o
        36          0          0          0          0         68   memcpya.o
        36          0          0          0          0        108   memseta.o
       372         14          0          0          0        184   printf1.o
         0          0          0          4          0          0   stdout.o
        18          0          0          0          0         68   strcpy.o
        14          0          0          0          0         68   strlen.o
        24          0          0          0          0         76   strncpy.o
        44          0          0          0          0         80   uidiv.o
        98          0          0          0          0         92   uldiv.o
        20          0          0          0          0         68   cfcmple.o
        20          0          0          0          0         68   cfrcmple.o
        56          0          0          0          0         88   d2f.o
       222          0          0          0          0        100   ddiv.o
       186          0          0          0          0        176   depilogue.o
        50          0          0          0          0         76   dfixui.o
        26          0          0          0          0         76   dfltui.o
       228          0          0          0          0         96   dmul.o
        38          0          0          0          0         68   f2d.o
       176          0          0          0          0        140   fadd.o
       110          0          0          0          0        168   fepilogue.o
        50          0          0          0          0         68   ffixi.o
        40          0          0          0          0         68   ffixui.o
        18          0          0          0          0         68   fflti.o
        10          0          0          0          0         68   ffltui.o
       100          0          0          0          0         76   fmul.o

    ----------------------------------------------------------------------
      2332         30          0          4          0       2504   Library Totals
         8          0          0          0          0          0   (incl. Padding)

    ----------------------------------------------------------------------

      Code (inc. data)   RO Data    RW Data    ZI Data      Debug   Library Name

       974         30          0          4          0       1032   mc_w.l
      1350          0          0          0          0       1472   mf_w.l

    ----------------------------------------------------------------------
      2332         30          0          4          0       2504   Library Totals

    ----------------------------------------------------------------------

==============================================================================


      Code (inc. data)   RO Data    RW Data    ZI Data      Debug   

     27368       1136        728        316       4180     777714   Grand Totals
     27368       1136        728         76       4180     777714   ELF Image Totals (compressed)
     27368       1136        728         76          0          0   ROM Totals

==============================================================================

    Total RO  Size (Code + RO Data)                28096 (  27.44kB)
    Total RW  Size (RW Data + ZI Data)              4496 (   4.39kB)
    Total ROM Size (Code + RO Data + RW Data)      28172 (  27.51kB)

==============================================================================

